<!DOCTYPE html>
<html lang="en">
<head>
  <meta charset="utf-8">
  <meta http-equiv="X-UA-Compatible" content="IE=edge,chrome=1">
  <title>Linux OOM 机制分析 - Notes about linux and my work</title>
  <meta name="renderer" content="webkit" />
<meta name="viewport" content="width=device-width, initial-scale=1, maximum-scale=1"/>

<meta http-equiv="Cache-Control" content="no-transform" />
<meta http-equiv="Cache-Control" content="no-siteapp" />

<meta name="theme-color" content="#f8f5ec" />
<meta name="msapplication-navbutton-color" content="#f8f5ec">
<meta name="apple-mobile-web-app-capable" content="yes">
<meta name="apple-mobile-web-app-status-bar-style" content="#f8f5ec">


<meta name="author" content="laoqinren" />
  <meta name="description" content="本文简要介绍了Linux OOM机制，并详细分析了OOM机制的全局参数配置和进程级别的参数配置。
" />
<meta name="keywords" content="oom" />







<meta name="generator" content="Hugo 0.59.1" />


<link rel="canonical" href="http://linux.laoqinren.net/linux/out-of-memory/" />

<link rel="apple-touch-icon" sizes="180x180" href="/apple-touch-icon.png">
<link rel="icon" type="image/png" sizes="32x32" href="/favicon-32x32.png">
<link rel="icon" type="image/png" sizes="16x16" href="/favicon-16x16.png">
<link rel="manifest" href="/manifest.json">
<link rel="mask-icon" href="/safari-pinned-tab.svg" color="#5bbad5">







<link href="/dist/even.min.css?v=3.1.1" rel="stylesheet">
<link href="/lib/fancybox/jquery.fancybox-3.1.20.min.css" rel="stylesheet">




<meta property="og:title" content="Linux OOM 机制分析" />
<meta property="og:description" content="本文简要介绍了Linux OOM机制，并详细分析了OOM机制的全局参数配置和进程级别的参数配置。" />
<meta property="og:type" content="article" />
<meta property="og:url" content="http://linux.laoqinren.net/linux/out-of-memory/" />
<meta property="article:published_time" content="2018-04-11T12:24:17+08:00" />
<meta property="article:modified_time" content="2018-04-11T12:24:17+08:00" />
<meta itemprop="name" content="Linux OOM 机制分析">
<meta itemprop="description" content="本文简要介绍了Linux OOM机制，并详细分析了OOM机制的全局参数配置和进程级别的参数配置。">


<meta itemprop="datePublished" content="2018-04-11T12:24:17&#43;08:00" />
<meta itemprop="dateModified" content="2018-04-11T12:24:17&#43;08:00" />
<meta itemprop="wordCount" content="2531">



<meta itemprop="keywords" content="kernel,linux,oom," />
<meta name="twitter:card" content="summary"/>
<meta name="twitter:title" content="Linux OOM 机制分析"/>
<meta name="twitter:description" content="本文简要介绍了Linux OOM机制，并详细分析了OOM机制的全局参数配置和进程级别的参数配置。"/>

<!--[if lte IE 9]>
  <script src="https://cdnjs.cloudflare.com/ajax/libs/classlist/1.1.20170427/classList.min.js"></script>
<![endif]-->

<!--[if lt IE 9]>
  <script src="https://cdn.jsdelivr.net/npm/html5shiv@3.7.3/dist/html5shiv.min.js"></script>
  <script src="https://cdn.jsdelivr.net/npm/respond.js@1.4.2/dest/respond.min.js"></script>
<![endif]-->

</head>
<body>
  <div id="mobile-navbar" class="mobile-navbar">
  <div class="mobile-header-logo">
    <a href="/" class="logo">Notes</a>
  </div>
  <div class="mobile-navbar-icon">
    <span></span>
    <span></span>
    <span></span>
  </div>
</div>
<nav id="mobile-menu" class="mobile-menu slideout-menu">
  <ul class="mobile-menu-list">
    <a href="/">
        <li class="mobile-menu-item">Home</li>
      </a><a href="/linux/">
        <li class="mobile-menu-item">linux</li>
      </a><a href="/kernel/">
        <li class="mobile-menu-item">Kernel</li>
      </a><a href="/posts/">
        <li class="mobile-menu-item">Blog</li>
      </a><a href="/tags/">
        <li class="mobile-menu-item">Tags</li>
      </a><a href="/categories/">
        <li class="mobile-menu-item">Categories</li>
      </a><a href="/archives/">
        <li class="mobile-menu-item">Archives</li>
      </a>
  </ul>
</nav>
  <div class="container" id="mobile-panel">
    <header id="header" class="header">
        <div class="logo-wrapper">
  <a href="/" class="logo">Notes</a>
</div>

<nav class="site-navbar">
  <ul id="menu" class="menu">
    <li class="menu-item">
        <a class="menu-item-link" href="/">Home</a>
      </li><li class="menu-item">
        <a class="menu-item-link" href="/linux/">linux</a>
      </li><li class="menu-item">
        <a class="menu-item-link" href="/kernel/">Kernel</a>
      </li><li class="menu-item">
        <a class="menu-item-link" href="/posts/">Blog</a>
      </li><li class="menu-item">
        <a class="menu-item-link" href="/tags/">Tags</a>
      </li><li class="menu-item">
        <a class="menu-item-link" href="/categories/">Categories</a>
      </li><li class="menu-item">
        <a class="menu-item-link" href="/archives/">Archives</a>
      </li>
  </ul>
</nav>
    </header>

    <main id="main" class="main">
      <div class="content-wrapper">
        <div id="content" class="content">
          <article class="post">
    
    <header class="post-header">
      <h1 class="post-title">Linux OOM 机制分析</h1>

      <div class="post-meta">
        <span class="post-time"> 2018-04-11 </span>
        <div class="post-category">
            
              <a href="/categories/linux/"> linux </a>
            
          </div>
        <span class="more-meta"> 2531 words </span>
        <span class="more-meta"> 6 mins read </span>
        
      </div>
    </header>

    
    
<div class="post-toc" id="post-toc">
  <h2 class="post-toc-title">Contents</h2>
  
  <div class="post-toc-content always-active">
    <nav id="TableOfContents">
<ul>
<li>
<ul>
<li>
<ul>
<li><a href="#oom机制">OOM机制</a></li>
<li><a href="#oom全局内控制优参数">OOM全局内控制优参数</a></li>
<li><a href="#oom-进程级别的参数"><code>OOM</code>进程级别的参数</a></li>
<li><a href="#宿主机上人为产生-oom-的方法">宿主机上人为产生<code>oom</code>的方法</a>
<ul>
<li><a href="#宿主机上完整的-oom-日志如下">宿主机上完整的<code>oom</code>日志如下</a></li>
</ul></li>
<li><a href="#容器内产生-oom-的方法">容器内产生<code>oom</code>的方法</a>
<ul>
<li><a href="#容器内完整的-oom-日志">容器内完整的<code>oom</code>日志</a></li>
</ul></li>
<li><a href="#建议宿主机上的配置">建议宿主机上的配置</a></li>
<li><a href="#参考文章">参考文章</a></li>
</ul></li>
</ul></li>
</ul>
</nav>
  </div>
</div>

    
    <div class="post-content">
      <p>本文简要介绍了<code>Linux OOM</code>机制，并详细分析了<code>OOM</code>机制的全局参数配置和进程级别的参数配置。</p>

<h3 id="oom机制">OOM机制</h3>

<p><code>OOM(Out Of Memory)</code>机制为<code>Linux</code>内核中一种自我保护机制，当系统分配不出内存时(触发条件)会触发这个机制，由系统在已有进程中挑选一个占用内存较多，回收内存收益最大的进程杀掉来释放内存。</p>

<h3 id="oom全局内控制优参数">OOM全局内控制优参数</h3>

<p><code>panic_on_oom</code> : 用于决定在发生<code>oom</code>时，内核是否<code>panic</code>, 可以设置的值为<code>0</code>、<code>1</code>、<code>2</code>，默认为<code>0</code></p>

<ul>
<li><code>1</code>： 当<code>cpuset</code>、<code>mempolicy</code>、<code>memcg</code>等分配失败引起的<code>oom</code>，不进行<code>panic</code></li>
<li><code>2</code>：任何情况的的<code>oom</code>，都进行<code>panic</code></li>
</ul>

<p><code>oom_dump_tasks</code>: 如果启用，在内核执行<code>oom killer</code>时，会打印系统内进程的信息，这些信息可以帮助我们找出为什么<code>oom killer</code>被执行，找到导致<code>oom</code>的进程，以及了解为什么进程会被选中, 默认为<code>1</code></p>

<ul>
<li><code>非0</code>: 打印系统内进程的信息</li>
<li><code>0</code>: 不打印系统内进程的信息</li>
</ul>

<p><code>oom_kill_allocating_task</code>: 决定在<code>oom</code>时，<code>oom killer</code>杀哪些进程,默认设置为<code>0</code></p>

<ul>
<li><code>非0</code>: 它会扫描进程队列，将可能导致内存溢出的进程杀掉，也就是占用内存最大的进程</li>
<li><code>0</code>:  oom killer只杀导致oom的那个进程，避免了进程队列的扫描，但是释放的内存大小有限</li>
</ul>

<h3 id="oom-进程级别的参数"><code>OOM</code>进程级别的参数</h3>

<p><code>oom killer</code>机制提供了几个参数来调节进程在<code>oom killer</code>中的行为</p>

<ul>
<li><p><code>/proc/&lt;pid&gt;/oom_score_adj</code> 可以设置<code>-1000</code>到<code>1000</code>，当设置为<code>-1000</code>时表示不会被<code>oom killer</code>选中</p></li>

<li><p><code>/proc/&lt;pid&gt;/oom_adj</code> 它的值从<code>-17</code>到<code>15</code>，值越大越容易被<code>oom killer</code>选中，值越小表示选中的可能性越小。当值为<code>-17</code>是，表示该进程永远不会被选中。这个<code>oom_adj</code>是要被<code>oom_score_adj</code>替代的，只是为了兼容旧的内核版本，暂时保留，以后会被废弃。</p></li>

<li><p><code>/proc/&lt;pid&gt;/oom_score</code>   表示当前进程的<code>oom</code>分数</p></li>
</ul>

<h3 id="宿主机上人为产生-oom-的方法">宿主机上人为产生<code>oom</code>的方法</h3>

<pre><code class="language-bash"># echo f &gt; /proc/sysrq-trigger
</code></pre>

<p>该操作在容器中不可用。</p>

<pre><code class="language-c">static void moom_callback(struct work_struct *ignored)
{// echo f &gt; /proc/sysrq-trigger 后执行的函数
        out_of_memory(node_zonelist(first_memory_node, GFP_KERNEL), GFP_KERNEL,                    
                      0, NULL, true);
}
</code></pre>

<h4 id="宿主机上完整的-oom-日志如下">宿主机上完整的<code>oom</code>日志如下</h4>

<pre><code>[13933.589425] SysRq : Manual OOM execution
[13933.594196] kworker/2:1 invoked oom-killer: gfp_mask=0xd0, order=0, oom_score_adj=0
[13933.594216] kworker/2:1 cpuset=/ mems_allowed=0
[13933.594219] CPU: 2 PID: 14808 Comm: kworker/2:1 Not tainted 3.10.0-693.el7.x86_64.debug #1
[13933.594220] Hardware name: LENOVO 90GH000GCD/3102, BIOS M16KT34A 05/25/2017
[13933.594223] Workqueue: events moom_callback
[13933.594224] Call Trace:
[13933.594228]  [&lt;ffffffff8178219b&gt;] dump_stack+0x19/0x1b
[13933.594229]  [&lt;ffffffff8177cf5b&gt;] dump_header+0x8e/0x2ab
[13933.594232]  [&lt;ffffffff81125e1d&gt;] ? trace_hardirqs_on_caller+0xfd/0x1c0
[13933.594234]  [&lt;ffffffff81125eed&gt;] ? trace_hardirqs_on+0xd/0x10
[13933.594236]  [&lt;ffffffff811ce4fe&gt;] oom_kill_process+0x26e/0x3f0
[13933.594238]  [&lt;ffffffff810ec575&gt;] ? local_clock+0x25/0x30
[13933.594240]  [&lt;ffffffff811ceeb1&gt;] out_of_memory+0x601/0x670
[13933.594242]  [&lt;ffffffff8148b51d&gt;] moom_callback+0x4d/0x50
[13933.594244]  [&lt;ffffffff810c5b66&gt;] process_one_work+0x226/0x720
[13933.594245]  [&lt;ffffffff810c5afa&gt;] ? process_one_work+0x1ba/0x720
[13933.594247]  [&lt;ffffffff810c6186&gt;] worker_thread+0x126/0x3b0
[13933.594248]  [&lt;ffffffff810c6060&gt;] ? process_one_work+0x720/0x720
[13933.594251]  [&lt;ffffffff810cec3d&gt;] kthread+0xed/0x100
[13933.594253]  [&lt;ffffffff810ceb50&gt;] ? insert_kthread_work+0x80/0x80
[13933.594255]  [&lt;ffffffff81797e5d&gt;] ret_from_fork+0x5d/0xb0
[13933.594257]  [&lt;ffffffff810ceb50&gt;] ? insert_kthread_work+0x80/0x80
[13933.594258] Mem-Info:
[13933.594261] active_anon:26728 inactive_anon:2191 isolated_anon:0
 active_file:21362 inactive_file:46137 isolated_file:0
 unevictable:5409 dirty:24 writeback:0 unstable:0
 slab_reclaimable:16619 slab_unreclaimable:14290
 mapped:15288 shmem:2373 pagetables:1969 bounce:0
 free:3870360 free_pcp:2330 free_cma:0
[13933.594263] Node 0 DMA free:15872kB min:64kB low:80kB high:96kB active_anon:0kB inactive_anon:0kB active_file:0kB inactive_file:0kB unevictable:0kB isolated(anon):0kB isolated(file):0kB present:15980kB managed:15896kB mlocked:0kB dirty:0kB writeback:0kB mapped:0kB shmem:0kB slab_reclaimable:0kB slab_unreclaimable:24kB kernel_stack:0kB pagetables:0kB unstable:0kB bounce:0kB free_pcp:0kB local_pcp:0kB free_cma:0kB writeback_tmp:0kB pages_scanned:0 all_unreclaimable? no
[13933.594266] lowmem_reserve[]: 0 3269 15780 15780
[13933.594269] Node 0 DMA32 free:3231692kB min:13988kB low:17484kB high:20980kB active_anon:22544kB inactive_anon:240kB active_file:20476kB inactive_file:39852kB unevictable:4232kB isolated(anon):0kB isolated(file):0kB present:3616468kB managed:3354772kB mlocked:4232kB dirty:8kB writeback:0kB mapped:10032kB shmem:432kB slab_reclaimable:11044kB slab_unreclaimable:5940kB kernel_stack:688kB pagetables:1836kB unstable:0kB bounce:0kB free_pcp:5024kB local_pcp:652kB free_cma:0kB writeback_tmp:0kB pages_scanned:0 all_unreclaimable? no
[13933.594272] lowmem_reserve[]: 0 0 12511 12511
[13933.594274] Node 0 Normal free:12233876kB min:53528kB low:66908kB high:80292kB active_anon:84368kB inactive_anon:8524kB active_file:64972kB inactive_file:144696kB unevictable:17404kB isolated(anon):0kB isolated(file):0kB present:13090816kB managed:12811508kB mlocked:17404kB dirty:88kB writeback:0kB mapped:51120kB shmem:9060kB slab_reclaimable:55432kB slab_unreclaimable:51196kB kernel_stack:3392kB pagetables:6040kB unstable:0kB bounce:0kB free_pcp:4296kB local_pcp:296kB free_cma:0kB writeback_tmp:0kB pages_scanned:0 all_unreclaimable? no
[13933.594276] lowmem_reserve[]: 0 0 0 0
[13933.594279] Node 0 DMA: 0*4kB 0*8kB 0*16kB 0*32kB 2*64kB (U) 1*128kB (U) 1*256kB (U) 0*512kB 1*1024kB (U) 1*2048kB (M) 3*4096kB (M) = 15872kB
[13933.594291] Node 0 DMA32: 569*4kB (UEM) 459*8kB (UEM) 325*16kB (UEM) 226*32kB (UEM) 128*64kB (UEM) 78*128kB (UEM) 35*256kB (UM) 21*512kB (UEM) 9*1024kB (M) 0*2048kB 773*4096kB (M) = 3231692kB
[13933.594301] Node 0 Normal: 1509*4kB (UEM) 1740*8kB (UEM) 1028*16kB (UEM) 545*32kB (UEM) 445*64kB (UEM) 254*128kB (UM) 144*256kB (UEM) 76*512kB (UM) 53*1024kB (UEM) 68*2048kB (UM) 2893*4096kB (UM) = 12233876kB
[13933.594311] Node 0 hugepages_total=0 hugepages_free=0 hugepages_surp=0 hugepages_size=1048576kB
[13933.594312] Node 0 hugepages_total=0 hugepages_free=0 hugepages_surp=0 hugepages_size=2048kB
[13933.594313] 71731 total pagecache pages
[13933.594313] 0 pages in swap cache
[13933.594314] Swap cache stats: add 156702, delete 156702, find 301/390
[13933.594315] Free swap  = 8191996kB
[13933.594316] Total swap = 8191996kB
[13933.594354] 4180816 pages RAM
[13933.594355] 0 pages HighMem/MovableOnly
[13933.594355] 135272 pages reserved
[13933.594356] [ pid ]   uid  tgid total_vm      rss nr_ptes swapents oom_score_adj name
[13933.594363] [  411]     0   411     9499     2021      22        0             0 systemd-journal
[13933.594366] [  433]     0   433    68627      877      31        0             0 lvmetad
[13933.594368] [  450]     0   450    11123      585      23        0         -1000 systemd-udevd
[13933.594371] [  622]     0   622    13863      222      26        0         -1000 auditd
[13933.594372] [  624]     0   624    21125      223      12        0             0 audispd
[13933.594374] [  626]     0   626     6013      231      16        0             0 sedispatch
[13933.594376] [  647]   999   647   134054     3017      58        0             0 polkitd
[13933.594378] [  648]     0   648    10513      619      23        0             0 bluetoothd
[13933.594380] [  649]     0   649     6096      593      18        0             0 smartd
[13933.594382] [  654]     0   654     1618      161       9        0             0 rngd
[13933.594384] [  657]     0   657   106488     1368      76        0             0 ModemManager
[13933.594386] [  660]     0   660     6051      424      15        0             0 systemd-logind
[13933.594388] [  662]    70   662     7549      435      20        0             0 avahi-daemon
[13933.594390] [  664]     0   664     4210      361      14        0             0 alsactl
[13933.594392] [  665]   998   665     2133      200       9        0             0 lsmd
[13933.594394] [  668]     0   668    53030     1512      42        0             0 rsyslogd
[13933.594396] [  672]     0   672     5402      314      16        0             0 irqbalance
[13933.594398] [  673]    70   673     7518       60      19        0             0 avahi-daemon
[13933.594400] [  675]    81   675     6696      531      19        0          -900 dbus-daemon
[13933.594402] [  685]     0   685    50314      315      41        0             0 gssproxy
[13933.594404] [  701]     0   701   156024     2525      91        0             0 NetworkManager
[13933.594406] [  710]     0   710    54782     1366      61        0             0 abrtd
[13933.594408] [  713]     0   713    54227     1176      63        0             0 abrt-watch-log
[13933.594410] [  716]     0   716    54227     1179      59        0             0 abrt-watch-log
[13933.594412] [  722]   994   722    28910      444      27        0             0 chronyd
[13933.594414] [  733]     0   733     1770       70       8        0             0 mcelog
[13933.594415] [  781]     0   781    28814      233      12        0             0 ksmtuned
[13933.594417] [  797]     0   797    13680     1223      32        0             0 wpa_supplicant
[13933.594420] [  820]     0   820    30940     5397      39        0         -1000 dmeventd
[13933.594422] [ 1061]     0  1061    48409     1030      51        0             0 cupsd
[13933.594424] [ 1062]     0  1062    26499     1021      55        0         -1000 sshd
[13933.594426] [ 1065]     0  1065   140581     4162      91        0             0 tuned
[13933.594428] [ 1067]     0  1067   239560     8517      87        0          -500 dockerd-current
[13933.594430] [ 1096]     0  1096   167866     3111      40        0          -500 docker-containe
[13933.594432] [ 1107]     0  1107   153098     3424     141        0             0 libvirtd
[13933.594434] [ 1131]     0  1131    31558      398      20        0             0 crond
[13933.594436] [ 1136]     0  1136     6464      234      18        0             0 atd
[13933.594438] [ 1208]     0  1208    27511      210      12        0             0 agetty
[13933.594440] [ 1213]     0  1213    27511      208      10        0             0 agetty
[13933.594442] [ 1812]    99  1812     3901      232      13        0             0 dnsmasq
[13933.594444] [ 1813]     0  1813     3894       48      12        0             0 dnsmasq
[13933.594446] [ 2604]     0  2604    28344     3981      57        0             0 dhclient
[13933.594448] [13068]     0 13068    37600     1386      74        0             0 sshd
[13933.594450] [13070]     0 13070    29201      889      14        0             0 bash
[13933.594452] [13138]     0 13138     4999      272      14        0             0 tmux
[13933.594454] [13140]     0 13140     5609      475      15        0             0 tmux
[13933.594456] [13141]     0 13141    29177      843      15        0             0 bash
[13933.594458] [13606]     0 13606    37600     1386      77        0             0 sshd
[13933.594460] [13608]     0 13608    29233      909      16        0             0 bash
[13933.594462] [14253]     0 14253    37600     1387      75        0             0 sshd
[13933.594464] [14255]     0 14255    29304      966      15        0             0 bash
[13933.594477] [14450]     0 14450     4447      328      13        0             0 systemd-machine
[13933.594479] [14627]     0 14627    37600     1387      76        0             0 sshd
[13933.594481] [14629]     0 14629    29201      902      16        0             0 bash
[13933.594483] [14901]     0 14901    26976      153      12        0             0 sleep
[13933.594485] Out of memory: Kill process 1065 (tuned) score 0 or sacrifice child
[13933.602190] Killed process 1065 (tuned) total-vm:562324kB, anon-rss:10760kB, file-rss:5888kB, shmem-rss:0kB
</code></pre>

<h3 id="容器内产生-oom-的方法">容器内产生<code>oom</code>的方法</h3>

<pre><code class="language-bash"> root@15e3eaa960e4:/# stress -m 8 -t 30
stress: info: [31] dispatching hogs: 0 cpu, 0 io, 8 vm, 0 hdd
stress: FAIL: [31] (415) &lt;-- worker 39 got signal 9
stress: WARN: [31] (417) now reaping child worker processes
stress: FAIL: [31] (451) failed run completed in 0s
</code></pre>

<h4 id="容器内完整的-oom-日志">容器内完整的<code>oom</code>日志</h4>

<pre><code>[13449.623801] stress invoked oom-killer: gfp_mask=0xd0, order=0, oom_score_adj=0
[13449.623806] stress cpuset=docker-15e3eaa960e4ac016d47ea7247961a70254bbbaaaec3981a9090f68606623b50.scope mems_allowed=0
[13449.623808] CPU: 0 PID: 14726 Comm: stress Not tainted 3.10.0-693.el7.x86_64.debug #1
[13449.623809] Hardware name: LENOVO 90GH000GCD/3102, BIOS M16KT34A 05/25/2017
[13449.623810] Call Trace:
[13449.623815]  [&lt;ffffffff8178219b&gt;] dump_stack+0x19/0x1b
[13449.623816]  [&lt;ffffffff8177cf5b&gt;] dump_header+0x8e/0x2ab
[13449.623819]  [&lt;ffffffff81125e1d&gt;] ? trace_hardirqs_on_caller+0xfd/0x1c0
[13449.623821]  [&lt;ffffffff81125eed&gt;] ? trace_hardirqs_on+0xd/0x10
[13449.623823]  [&lt;ffffffff811ce4fe&gt;] oom_kill_process+0x26e/0x3f0
[13449.623826]  [&lt;ffffffff81249f20&gt;] ? mem_cgroup_iter+0x2b0/0x3e0
[13449.623828]  [&lt;ffffffff8124ed71&gt;] mem_cgroup_oom_synchronize+0x551/0x580
[13449.623830]  [&lt;ffffffff8124de10&gt;] ? mem_cgroup_charge_common+0xf0/0xf0
[13449.623831]  [&lt;ffffffff811cef34&gt;] pagefault_out_of_memory+0x14/0x90
[13449.623833]  [&lt;ffffffff81779ea1&gt;] mm_fault_error+0x68/0x12b
[13449.623835]  [&lt;ffffffff81792c8b&gt;] __do_page_fault+0x42b/0x4d0
[13449.623838]  [&lt;ffffffff810de3c4&gt;] ? finish_task_switch+0x44/0x180
[13449.623839]  [&lt;ffffffff81792d65&gt;] do_page_fault+0x35/0x90
[13449.623841]  [&lt;ffffffff8178e828&gt;] page_fault+0x28/0x30
[13449.623844] Task in /system.slice/docker-15e3eaa960e4ac016d47ea7247961a70254bbbaaaec3981a9090f68606623b50.scope killed as a result of limit of /system.slice/docker-15e3eaa960e4ac016d47ea7247961a70254bbbaaaec3981a9090f68606623b50.scope
[13449.623846] memory: usage 53824kB, limit 102400kB, failcnt 20427
[13449.623847] memory+swap: usage 204800kB, limit 204800kB, failcnt 608
[13449.623848] kmem: usage 0kB, limit 9007199254740988kB, failcnt 0
[13449.623848] Memory cgroup stats for /system.slice/docker-15e3eaa960e4ac016d47ea7247961a70254bbbaaaec3981a9090f68606623b50.scope: cache:64KB rss:53760KB rss_huge:20480KB mapped_file:0KB dirty:0KB writeback:0KB swap:150976KB inactive_anon:37708KB active_anon:16052KB inactive_file:8KB active_file:8KB unevictable:0KB
[13449.623857] [ pid ]   uid  tgid total_vm      rss nr_ptes swapents oom_score_adj name
[13449.623956] [14575]     0 14575     4556        0      14      119             0 bash
[13449.623963] [14720]     0 14720     1867        3       9       23             0 stress
[13449.623966] [14721]     0 14721    67404      102       9       15             0 stress
[13449.623969] [14722]     0 14722    67404      163       9       15             0 stress
[13449.623973] [14723]     0 14723    67404        1       9      183             0 stress
[13449.623976] [14724]     0 14724    67404      102       9      369             0 stress
[13449.623979] [14725]     0 14725    67404      101      12     1524             0 stress
[13449.623982] [14726]     0 14726    67404     2711      15      333             0 stress
[13449.623986] [14727]     0 14727    67404      177      22     6906             0 stress
[13449.623989] [14728]     0 14728    67404     6605      83    31751             0 stress
[13449.623991] Memory cgroup out of memory: Kill process 14728 (stress) score 750 or sacrifice child
[13449.633291] Killed process 14728 (stress) total-vm:269616kB, anon-rss:24064kB, file-rss:4kB, shmem-rss:0kB
</code></pre>

<p>关闭<code>oom_dump_tasks</code>后，日志如下：</p>

<pre><code>[13603.131330] stress invoked oom-killer: gfp_mask=0xd0, order=0, oom_score_adj=0
[13603.131335] stress cpuset=docker-15e3eaa960e4ac016d47ea7247961a70254bbbaaaec3981a9090f68606623b50.scope mems_allowed=0
[13603.131337] CPU: 6 PID: 14806 Comm: stress Not tainted 3.10.0-693.42.el7.x86_64.debug #1
[13603.131338] Hardware name: LENOVO 90GH000GCD/3102, BIOS M16KT34A 05/25/2017
[13603.131339] Call Trace:
[13603.131344]  [&lt;ffffffff8178219b&gt;] dump_stack+0x19/0x1b
[13603.131346]  [&lt;ffffffff8177cf5b&gt;] dump_header+0x8e/0x2ab
[13603.131349]  [&lt;ffffffff81125e1d&gt;] ? trace_hardirqs_on_caller+0xfd/0x1c0
[13603.131351]  [&lt;ffffffff81125eed&gt;] ? trace_hardirqs_on+0xd/0x10
[13603.131353]  [&lt;ffffffff811ce4fe&gt;] oom_kill_process+0x26e/0x3f0
[13603.131356]  [&lt;ffffffff81249f20&gt;] ? mem_cgroup_iter+0x2b0/0x3e0
[13603.131358]  [&lt;ffffffff8124ed71&gt;] mem_cgroup_oom_synchronize+0x551/0x580
[13603.131367]  [&lt;ffffffff8124de10&gt;] ? mem_cgroup_charge_common+0xf0/0xf0
[13603.131369]  [&lt;ffffffff811cef34&gt;] pagefault_out_of_memory+0x14/0x90
[13603.131372]  [&lt;ffffffff81779ea1&gt;] mm_fault_error+0x68/0x12b
[13603.131375]  [&lt;ffffffff81792c8b&gt;] __do_page_fault+0x42b/0x4d0
[13603.131377]  [&lt;ffffffff81792d65&gt;] do_page_fault+0x35/0x90
[13603.131380]  [&lt;ffffffff8178e828&gt;] page_fault+0x28/0x30
[13603.131383] Task in /system.slice/docker-15e3eaa960e4ac016d47ea7247961a70254bbbaaaec3981a9090f68606623b50.scope killed as a result of limit of /system.slice/docker-15e3eaa960e4ac016d47ea7247961a70254bbbaaaec3981a9090f68606623b50.scope
[13603.131387] memory: usage 101716kB, limit 102400kB, failcnt 30881
[13603.131388] memory+swap: usage 204800kB, limit 204800kB, failcnt 6749
[13603.131391] kmem: usage 0kB, limit 9007199254740988kB, failcnt 0
[13603.131392] Memory cgroup stats for /system.slice/docker-15e3eaa960e4ac016d47ea7247961a70254bbbaaaec3981a9090f68606623b50.scope: cache:0KB rss:101716KB rss_huge:2048KB mapped_file:0KB dirty:0KB writeback:36KB swap:103084KB inactive_anon:50892KB active_anon:50256KB inactive_file:0KB active_file:0KB unevictable:0KB
[13603.131405] Memory cgroup out of memory: Kill process 14806 (stress) score 634 or sacrifice child
[13603.140754] Killed process 14806 (stress) total-vm:269616kB, anon-rss:55384kB, file-rss:4kB, shmem-rss:0kB
</code></pre>

<h3 id="建议宿主机上的配置">建议宿主机上的配置</h3>

<p>最优配置要看具体使用场景:</p>

<ul>
<li><p>对于<code>panic_on_oom</code>，如果是嵌入式场景，可以配置成<code>2</code>，当出现oom时，通过自动重启将系统恢复正常。但对于服务器系统来说，<code>panic</code>就不太友好了，建议配置为默认的0即可。</p></li>

<li><p>对于<code>oom_dump_tasks</code>,如果是调试阶段，建议配置为<code>1</code>,如果在生产环境下，特别是系统上进程较多的情况下，建议配置为<code>0</code>。内核文档中也建议配置为<code>0</code>(参考：  <a target="_blank" href="https://github.com/torvalds/linux/blob/v4.16/Documentation/sysctl/vm.txt#L595#L615"> Documentation/sysctl/vm.txt(line 595-615) </a>).</p></li>

<li><p>对于<code>oom_kill_allocating_task</code>,建议设置为默认值即可。</p></li>
</ul>

<h3 id="参考文章">参考文章</h3>

<ul>
<li><a href="https://github.com/torvalds/linux/blob/v4.16/Documentation/sysctl/vm.txt">https://github.com/torvalds/linux/blob/v4.16/Documentation/sysctl/vm.txt</a></li>
</ul>
    </div>

    
    <div class="post-copyright">
  <p class="copyright-item">
    <span class="item-title">Author</span>
    <span class="item-content">laoqinren</span>
  </p>
  <p class="copyright-item">
    <span class="item-title">LastMod</span>
    <span class="item-content">2018-04-11</span>
  </p>
  <p class="copyright-item">
      <span class="item-title">Markdown</span>
      <span class="item-content"><a class="link-to-markdown" href="http://linux.laoqinren.net/linux/out-of-memory/index.md" target="_blank">The Markdown version »</a></span>
    </p>
  
</div>

    
    

    <footer class="post-footer">
      <div class="post-tags">
          
          <a href="/tags/kernel/">kernel</a>
          
          <a href="/tags/linux/">linux</a>
          
          <a href="/tags/oom/">oom</a>
          
        </div>

      
      <nav class="post-nav">
        
          <a class="prev" href="/linux/syscall-eventfd/">
            <i class="iconfont icon-left"></i>
            <span class="prev-text nav-default">Linux 系统调用 eventfd</span>
            <span class="prev-text nav-mobile">Prev</span>
          </a>
        
      </nav>
    </footer>
  </article>
        </div>
        
  <div id="disqus_thread"></div>
    <script type="text/javascript">
    (function() {
      
      
      if (window.location.hostname === 'localhost') return;

      var dsq = document.createElement('script'); dsq.type = 'text/javascript'; dsq.async = true;
      var disqus_shortname = 'laoqinren';
      dsq.src = '//' + disqus_shortname + '.disqus.com/embed.js';
      (document.getElementsByTagName('head')[0] || document.getElementsByTagName('body')[0]).appendChild(dsq);
    })();
    </script>
    <noscript>Please enable JavaScript to view the <a href="http://disqus.com/?ref_noscript">comments powered by Disqus.</a></noscript>
      </div>
    </main>

    <footer id="footer" class="footer">
      <div class="social-links">
      <a href="mailto:w@laoqinren.net" class="iconfont icon-email" title="email"></a>
      <a href="http://github.com/0x0916" class="iconfont icon-github" title="github"></a>
  <a href="http://linux.laoqinren.net/index.xml" type="application/rss+xml" class="iconfont icon-rss" title="rss"></a>
</div>

<div class="copyright">
  <span class="power-by">
    Powered by <a class="hexo-link" href="https://gohugo.io">Hugo</a>
  </span>
  <span class="division">|</span>
  <span class="theme-info">
    Theme - 
    <a class="theme-link" href="https://github.com/olOwOlo/hugo-theme-even">Even</a>
  </span>

  

  <span class="copyright-year">
    &copy; 
    
      2016 - 
    2020
    <span class="heart">
      <i class="iconfont icon-heart"></i>
    </span>
    <span class="author">laoqinren</span>
  </span>
</div>
    </footer>

    <div class="back-to-top" id="back-to-top">
      <i class="iconfont icon-up"></i>
    </div>
  </div>
  
<script src="/lib/highlight/highlight.pack.js?v=20171001"></script><script type="text/javascript" src="/lib/jquery/jquery-3.2.1.min.js"></script>
  <script type="text/javascript" src="/lib/slideout/slideout-1.0.1.min.js"></script>
  <script type="text/javascript" src="/lib/fancybox/jquery.fancybox-3.1.20.min.js"></script>
<script type="text/javascript" src="/dist/even.min.js?v=3.1.1"></script>








</body>
</html>
